macOS Tests	Set up job	ï»¿2026-01-17T00:42:46.1556050Z Current runner version: '2.331.0'
macOS Tests	Set up job	2026-01-17T00:42:46.1583060Z ##[group]Runner Image Provisioner
macOS Tests	Set up job	2026-01-17T00:42:46.1583600Z Hosted Compute Agent
macOS Tests	Set up job	2026-01-17T00:42:46.1583930Z Version: 20260115.477
macOS Tests	Set up job	2026-01-17T00:42:46.1584290Z Commit: 4b342d620503cbe250a3154040964899ea7c9b00
macOS Tests	Set up job	2026-01-17T00:42:46.1584740Z Build Date: 2026-01-15T22:32:41Z
macOS Tests	Set up job	2026-01-17T00:42:46.1585140Z Worker ID: {ecb5cd80-1a13-4274-96da-a287346e6707}
macOS Tests	Set up job	2026-01-17T00:42:46.1585570Z Azure Region: westus
macOS Tests	Set up job	2026-01-17T00:42:46.1585890Z ##[endgroup]
macOS Tests	Set up job	2026-01-17T00:42:46.1586810Z ##[group]Operating System
macOS Tests	Set up job	2026-01-17T00:42:46.1587180Z macOS
macOS Tests	Set up job	2026-01-17T00:42:46.1587460Z 15.7.3
macOS Tests	Set up job	2026-01-17T00:42:46.1587720Z 24G419
macOS Tests	Set up job	2026-01-17T00:42:46.1587990Z ##[endgroup]
macOS Tests	Set up job	2026-01-17T00:42:46.1588270Z ##[group]Runner Image
macOS Tests	Set up job	2026-01-17T00:42:46.1588590Z Image: macos-15-arm64
macOS Tests	Set up job	2026-01-17T00:42:46.1588890Z Version: 20260112.0107.1
macOS Tests	Set up job	2026-01-17T00:42:46.1589560Z Included Software: https://github.com/actions/runner-images/blob/macos-15-arm64/20260112.0107/images/macos/macos-15-arm64-Readme.md
macOS Tests	Set up job	2026-01-17T00:42:46.1590620Z Image Release: https://github.com/actions/runner-images/releases/tag/macos-15-arm64%2F20260112.0107
macOS Tests	Set up job	2026-01-17T00:42:46.1591200Z ##[endgroup]
macOS Tests	Set up job	2026-01-17T00:42:46.1591880Z ##[group]GITHUB_TOKEN Permissions
macOS Tests	Set up job	2026-01-17T00:42:46.1593000Z Contents: read
macOS Tests	Set up job	2026-01-17T00:42:46.1593300Z Metadata: read
macOS Tests	Set up job	2026-01-17T00:42:46.1593590Z Packages: read
macOS Tests	Set up job	2026-01-17T00:42:46.1593880Z ##[endgroup]
macOS Tests	Set up job	2026-01-17T00:42:46.1595520Z Secret source: Actions
macOS Tests	Set up job	2026-01-17T00:42:46.1595900Z Prepare workflow directory
macOS Tests	Set up job	2026-01-17T00:42:46.1964870Z Prepare all required actions
macOS Tests	Set up job	2026-01-17T00:42:46.2008520Z Getting action download info
macOS Tests	Set up job	2026-01-17T00:42:46.6553910Z Download action repository 'actions/checkout@v4' (SHA:34e114876b0b11c390a56381ad16ebd13914f8d5)
macOS Tests	Set up job	2026-01-17T00:42:47.2906600Z Complete job name: macOS Tests
macOS Tests	Checkout	ï»¿2026-01-17T00:42:47.3406250Z ##[group]Run actions/checkout@v4
macOS Tests	Checkout	2026-01-17T00:42:47.3413510Z with:
macOS Tests	Checkout	2026-01-17T00:42:47.3413850Z   repository: callzhang/hypo
macOS Tests	Checkout	2026-01-17T00:42:47.3414520Z   token: ***
macOS Tests	Checkout	2026-01-17T00:42:47.3414850Z   ssh-strict: true
macOS Tests	Checkout	2026-01-17T00:42:47.3415130Z   ssh-user: git
macOS Tests	Checkout	2026-01-17T00:42:47.3415600Z   persist-credentials: true
macOS Tests	Checkout	2026-01-17T00:42:47.3415960Z   clean: true
macOS Tests	Checkout	2026-01-17T00:42:47.3416430Z   sparse-checkout-cone-mode: true
macOS Tests	Checkout	2026-01-17T00:42:47.3416930Z   fetch-depth: 1
macOS Tests	Checkout	2026-01-17T00:42:47.3417310Z   fetch-tags: false
macOS Tests	Checkout	2026-01-17T00:42:47.3417710Z   show-progress: true
macOS Tests	Checkout	2026-01-17T00:42:47.3418270Z   lfs: false
macOS Tests	Checkout	2026-01-17T00:42:47.3418560Z   submodules: false
macOS Tests	Checkout	2026-01-17T00:42:47.3418990Z   set-safe-directory: true
macOS Tests	Checkout	2026-01-17T00:42:47.3420020Z ##[endgroup]
macOS Tests	Checkout	2026-01-17T00:42:47.7408300Z Syncing repository: callzhang/hypo
macOS Tests	Checkout	2026-01-17T00:42:47.7410210Z ##[group]Getting Git version info
macOS Tests	Checkout	2026-01-17T00:42:47.7410710Z Working directory is '/Users/runner/work/hypo/hypo'
macOS Tests	Checkout	2026-01-17T00:42:47.7412010Z [command]/opt/homebrew/bin/git version
macOS Tests	Checkout	2026-01-17T00:42:47.7740530Z git version 2.52.0
macOS Tests	Checkout	2026-01-17T00:42:47.7770350Z ##[endgroup]
macOS Tests	Checkout	2026-01-17T00:42:47.7786760Z Copying '/Users/runner/.gitconfig' to '/Users/runner/work/_temp/b85daa14-5f3f-4e0d-b49f-6af78000625a/.gitconfig'
macOS Tests	Checkout	2026-01-17T00:42:47.7795880Z Temporarily overriding HOME='/Users/runner/work/_temp/b85daa14-5f3f-4e0d-b49f-6af78000625a' before making global git config changes
macOS Tests	Checkout	2026-01-17T00:42:47.7800210Z Adding repository directory to the temporary git global config as a safe directory
macOS Tests	Checkout	2026-01-17T00:42:47.7801390Z [command]/opt/homebrew/bin/git config --global --add safe.directory /Users/runner/work/hypo/hypo
macOS Tests	Checkout	2026-01-17T00:42:47.7941820Z Deleting the contents of '/Users/runner/work/hypo/hypo'
macOS Tests	Checkout	2026-01-17T00:42:47.7946070Z ##[group]Initializing the repository
macOS Tests	Checkout	2026-01-17T00:42:47.7956390Z [command]/opt/homebrew/bin/git init /Users/runner/work/hypo/hypo
macOS Tests	Checkout	2026-01-17T00:42:47.8440670Z hint: Using 'master' as the name for the initial branch. This default branch name
macOS Tests	Checkout	2026-01-17T00:42:47.8461270Z hint: will change to "main" in Git 3.0. To configure the initial branch name
macOS Tests	Checkout	2026-01-17T00:42:47.8541390Z hint: to use in all of your new repositories, which will suppress this warning,
macOS Tests	Checkout	2026-01-17T00:42:47.8543900Z hint: call:
macOS Tests	Checkout	2026-01-17T00:42:47.8544440Z hint:
macOS Tests	Checkout	2026-01-17T00:42:47.8545180Z hint: 	git config --global init.defaultBranch <name>
macOS Tests	Checkout	2026-01-17T00:42:47.8546010Z hint:
macOS Tests	Checkout	2026-01-17T00:42:47.8547110Z hint: Names commonly chosen instead of 'master' are 'main', 'trunk' and
macOS Tests	Checkout	2026-01-17T00:42:47.8548550Z hint: 'development'. The just-created branch can be renamed via this command:
macOS Tests	Checkout	2026-01-17T00:42:47.8549810Z hint:
macOS Tests	Checkout	2026-01-17T00:42:47.8550840Z hint: 	git branch -m <name>
macOS Tests	Checkout	2026-01-17T00:42:47.8552070Z hint:
macOS Tests	Checkout	2026-01-17T00:42:47.8567730Z hint: Disable this message with "git config set advice.defaultBranchName false"
macOS Tests	Checkout	2026-01-17T00:42:47.8640960Z Initialized empty Git repository in /Users/runner/work/hypo/hypo/.git/
macOS Tests	Checkout	2026-01-17T00:42:47.8663400Z [command]/opt/homebrew/bin/git remote add origin https://github.com/callzhang/hypo
macOS Tests	Checkout	2026-01-17T00:42:47.8665630Z ##[endgroup]
macOS Tests	Checkout	2026-01-17T00:42:47.8666390Z ##[group]Disabling automatic garbage collection
macOS Tests	Checkout	2026-01-17T00:42:47.8667060Z [command]/opt/homebrew/bin/git config --local gc.auto 0
macOS Tests	Checkout	2026-01-17T00:42:47.8765670Z ##[endgroup]
macOS Tests	Checkout	2026-01-17T00:42:47.8767820Z ##[group]Setting up auth
macOS Tests	Checkout	2026-01-17T00:42:47.8768610Z [command]/opt/homebrew/bin/git config --local --name-only --get-regexp core\.sshCommand
macOS Tests	Checkout	2026-01-17T00:42:47.8855640Z [command]/opt/homebrew/bin/git submodule foreach --recursive sh -c "git config --local --name-only --get-regexp 'core\.sshCommand' && git config --local --unset-all 'core.sshCommand' || :"
macOS Tests	Checkout	2026-01-17T00:42:48.0387510Z [command]/opt/homebrew/bin/git config --local --name-only --get-regexp http\.https\:\/\/github\.com\/\.extraheader
macOS Tests	Checkout	2026-01-17T00:42:48.0471700Z [command]/opt/homebrew/bin/git submodule foreach --recursive sh -c "git config --local --name-only --get-regexp 'http\.https\:\/\/github\.com\/\.extraheader' && git config --local --unset-all 'http.https://github.com/.extraheader' || :"
macOS Tests	Checkout	2026-01-17T00:42:48.1725880Z [command]/opt/homebrew/bin/git config --local --name-only --get-regexp ^includeIf\.gitdir:
macOS Tests	Checkout	2026-01-17T00:42:48.1825900Z [command]/opt/homebrew/bin/git submodule foreach --recursive git config --local --show-origin --name-only --get-regexp remote.origin.url
macOS Tests	Checkout	2026-01-17T00:42:48.3113440Z [command]/opt/homebrew/bin/git config --local http.https://github.com/.extraheader AUTHORIZATION: basic ***
macOS Tests	Checkout	2026-01-17T00:42:48.3220100Z ##[endgroup]
macOS Tests	Checkout	2026-01-17T00:42:48.3221230Z ##[group]Fetching the repository
macOS Tests	Checkout	2026-01-17T00:42:48.3223770Z [command]/opt/homebrew/bin/git -c protocol.version=2 fetch --no-tags --prune --no-recurse-submodules --depth=1 origin +45928eeb54188f7cdcb93beb0e138171f7da9433:refs/remotes/origin/main
macOS Tests	Checkout	2026-01-17T00:42:48.9074150Z From https://github.com/callzhang/hypo
macOS Tests	Checkout	2026-01-17T00:42:48.9075160Z  * [new ref]         45928eeb54188f7cdcb93beb0e138171f7da9433 -> origin/main
macOS Tests	Checkout	2026-01-17T00:42:48.9187370Z ##[endgroup]
macOS Tests	Checkout	2026-01-17T00:42:48.9188430Z ##[group]Determining the checkout info
macOS Tests	Checkout	2026-01-17T00:42:48.9189600Z ##[endgroup]
macOS Tests	Checkout	2026-01-17T00:42:48.9197410Z [command]/opt/homebrew/bin/git sparse-checkout disable
macOS Tests	Checkout	2026-01-17T00:42:48.9288280Z [command]/opt/homebrew/bin/git config --local --unset-all extensions.worktreeConfig
macOS Tests	Checkout	2026-01-17T00:42:48.9361370Z ##[group]Checking out the ref
macOS Tests	Checkout	2026-01-17T00:42:48.9369830Z [command]/opt/homebrew/bin/git checkout --progress --force -B main refs/remotes/origin/main
macOS Tests	Checkout	2026-01-17T00:42:49.0694080Z Switched to a new branch 'main'
macOS Tests	Checkout	2026-01-17T00:42:49.0709680Z branch 'main' set up to track 'origin/main'.
macOS Tests	Checkout	2026-01-17T00:42:49.0718160Z ##[endgroup]
macOS Tests	Checkout	2026-01-17T00:42:49.0825270Z [command]/opt/homebrew/bin/git log -1 --format=%H
macOS Tests	Checkout	2026-01-17T00:42:49.0893590Z 45928eeb54188f7cdcb93beb0e138171f7da9433
macOS Tests	List Schemes	ï»¿2026-01-17T00:42:49.1122230Z ##[group]Run xcodebuild -list
macOS Tests	List Schemes	2026-01-17T00:42:49.1123310Z [36;1mxcodebuild -list[0m
macOS Tests	List Schemes	2026-01-17T00:42:49.1180330Z shell: /bin/bash -e {0}
macOS Tests	List Schemes	2026-01-17T00:42:49.1181230Z ##[endgroup]
macOS Tests	List Schemes	2026-01-17T00:42:52.5418070Z Command line invocation:
macOS Tests	List Schemes	2026-01-17T00:42:52.5438750Z     /Applications/Xcode_16.4.app/Contents/Developer/usr/bin/xcodebuild -list
macOS Tests	List Schemes	2026-01-17T00:42:52.5439960Z 
macOS Tests	List Schemes	2026-01-17T00:42:58.5663320Z There are no schemes in workspace "HypoApp".
macOS Tests	Run Swift tests	ï»¿2026-01-17T00:42:58.6141800Z ##[group]Run xcodebuild test -scheme HypoMenuBarApp -destination 'platform=macOS'
macOS Tests	Run Swift tests	2026-01-17T00:42:58.6142540Z [36;1mxcodebuild test -scheme HypoMenuBarApp -destination 'platform=macOS'[0m
macOS Tests	Run Swift tests	2026-01-17T00:42:58.7301560Z shell: /bin/bash -e {0}
macOS Tests	Run Swift tests	2026-01-17T00:42:58.7301890Z ##[endgroup]
macOS Tests	Run Swift tests	2026-01-17T00:43:02.9601320Z Command line invocation:
macOS Tests	Run Swift tests	2026-01-17T00:43:02.9700330Z     /Applications/Xcode_16.4.app/Contents/Developer/usr/bin/xcodebuild test -scheme HypoMenuBarApp -destination platform=macOS
macOS Tests	Run Swift tests	2026-01-17T00:43:02.9803240Z 
macOS Tests	Run Swift tests	2026-01-17T00:43:03.7193700Z 2026-01-17 00:43:03.708 xcodebuild[4978:26019] Writing error result bundle to /var/folders/kg/7q73ww8s3llgyl61c9z_j5g40000gn/T/ResultBundle_2026-17-01_00-43-0003.xcresult
macOS Tests	Run Swift tests	2026-01-17T00:43:04.0091190Z xcodebuild: error: The workspace named "HypoApp" does not contain a scheme named "HypoMenuBarApp". The "-list" option can be used to find the names of the schemes in the workspace.
macOS Tests	Run Swift tests	2026-01-17T00:43:04.0359160Z ##[error]Process completed with exit code 65.
macOS Tests	Post Checkout	ï»¿2026-01-17T00:43:04.0714150Z Post job cleanup.
macOS Tests	Post Checkout	2026-01-17T00:43:05.2530260Z [command]/opt/homebrew/bin/git version
macOS Tests	Post Checkout	2026-01-17T00:43:05.4110930Z git version 2.52.0
macOS Tests	Post Checkout	2026-01-17T00:43:05.4599610Z Copying '/Users/runner/.gitconfig' to '/Users/runner/work/_temp/81833fa0-27cb-447b-8424-cc64b1bb424c/.gitconfig'
macOS Tests	Post Checkout	2026-01-17T00:43:05.4709930Z Temporarily overriding HOME='/Users/runner/work/_temp/81833fa0-27cb-447b-8424-cc64b1bb424c' before making global git config changes
macOS Tests	Post Checkout	2026-01-17T00:43:05.4813740Z Adding repository directory to the temporary git global config as a safe directory
macOS Tests	Post Checkout	2026-01-17T00:43:05.5000170Z [command]/opt/homebrew/bin/git config --global --add safe.directory /Users/runner/work/hypo/hypo
macOS Tests	Post Checkout	2026-01-17T00:43:05.5374030Z [command]/opt/homebrew/bin/git config --local --name-only --get-regexp core\.sshCommand
macOS Tests	Post Checkout	2026-01-17T00:43:05.5783360Z [command]/opt/homebrew/bin/git submodule foreach --recursive sh -c "git config --local --name-only --get-regexp 'core\.sshCommand' && git config --local --unset-all 'core.sshCommand' || :"
macOS Tests	Post Checkout	2026-01-17T00:43:05.9795150Z [command]/opt/homebrew/bin/git config --local --name-only --get-regexp http\.https\:\/\/github\.com\/\.extraheader
macOS Tests	Post Checkout	2026-01-17T00:43:05.9897520Z http.https://github.com/.extraheader
macOS Tests	Post Checkout	2026-01-17T00:43:06.0252720Z [command]/opt/homebrew/bin/git config --local --unset-all http.https://github.com/.extraheader
macOS Tests	Post Checkout	2026-01-17T00:43:06.0571890Z [command]/opt/homebrew/bin/git submodule foreach --recursive sh -c "git config --local --name-only --get-regexp 'http\.https\:\/\/github\.com\/\.extraheader' && git config --local --unset-all 'http.https://github.com/.extraheader' || :"
macOS Tests	Post Checkout	2026-01-17T00:43:06.3621570Z [command]/opt/homebrew/bin/git config --local --name-only --get-regexp ^includeIf\.gitdir:
macOS Tests	Post Checkout	2026-01-17T00:43:06.3974260Z [command]/opt/homebrew/bin/git submodule foreach --recursive git config --local --show-origin --name-only --get-regexp remote.origin.url
macOS Tests	Complete job	ï»¿2026-01-17T00:43:06.7148240Z Cleaning up orphan processes
